System Bootstrap, Version 12.1(3r)T2, RELEASE SOFTWARE (fc1)
Copyright (c) 2000 by cisco Systems, Inc.
cisco 2811 (MPC860) processor (revision 0x200) with 60416K/5120K bytes of memory

Readonly ROMMON initialized

program load complete, entry point: 0x8000f000, size: 0xc940
program load complete, entry point: 0x8000f000, size: 0xc940

program load complete, entry point: 0x8000f000, size: 0x3ed1338
Self decompressing the image :
######################### [OK]
Smart Init is enabled
smart init is sizing iomem
ID              TYPE       MEMORY_REQ
0003E7          0X00474800 C2811 Mainboard
                0X0014B430 Onboard PVDM2 SIMM
                0X00264050 Onboard VPN
                0X000021B8 Onboard USB
00038E          0X0008BE00 Service Engine AIM
                0X002C29F0 public buffer pools
                0X00211000 public particle pools
-----------------------------------------------
TOTAL:          0X00D85628

If any of the above Memory Requirements are
"UNKNOWN", you may be using an unsupported
configuration or there is a software problem and
system operation may be compromised.
Rounded IOMEM up to: 14Mb.
Using 2 percent iomem. [14Mb/512Mb]

              Restricted Rights Legend

Use, duplication, or disclosure by the Government is
subject to restrictions as set forth in subparagraph
(c) of the Commercial Computer Software - Restricted
Rights clause at FAR sec. 52.227-19 and subparagraph
(c) (1) (ii) of the Rights in Technical Data and Computer
Software clause at DFARS sec. 252.227-7013.

           cisco Systems, Inc.
           170 West Tasman Drive
           San Jose, California 95134-1706

Cisco IOS Software, 2800 Software (C2800NM-ADVIPSERVICESK9-M), Version 15.1(4)M4
Technical Support: http://www.cisco.com/techsupport
Copyright (c) 1986-2012 by Cisco Systems, Inc.
Compiled Thurs 5-Jan-12 15:41 by pt_team
Image text-base: 0x2100F918, data-base: 0x24729040

This product contains cryptographic features and is subject to United
States and local country laws governing import, export, transfer and
use. Delivery of Cisco cryptographic products does not imply
third-party authority to import, export, distribute or use encryption.
Importers, exporters, distributors and users are responsible for
compliance with U.S. and local country laws. By using this product you
agree to comply with applicable laws and regulations. If you are unable
to comply with U.S. and local laws, return this product immediately.

A summary of U.S. laws governing Cisco cryptographic products may be found at:
http://www.cisco.com/wwl/export/crypto/tool/stqrg.html

If you require further assistance please contact us by sending email to
export@cisco.com.

cisco 2811 (MPC860) processor (revision 0x200) with 60416K/5120K bytes of memory
Processor board ID JAD05190MTZ (4292891495)
3 FastEthernet interface(s)
DRAM configuration is 64 bits wide with parity disabled.
255K bytes of non-volatile configuration memory.
249856K bytes of ATA System CompactFlash 0 (Read/Write)

Press RETURN to get started!



Router>enable
Router#configure terminal
Enter configuration commands, one per line.  End with CNTL/Z.
Router(config)#interface fastEthernet 0/0
Router(config-if)#no shutdown

Router(config-if)#
%LINK-5-CHANGED: Interface FastEthernet0/0, changed state to up

%LINEPROTO-5-UPDOWN: Line protocol on Interface FastEthernet0/0, changed state to up
exit
Router(config)#interface fastEthernet 0/1
Router(config-if)#no shutdown

Router(config-if)#
%LINK-5-CHANGED: Interface FastEthernet0/1, changed state to up

%LINEPROTO-5-UPDOWN: Line protocol on Interface FastEthernet0/1, changed state to up
ip address 2.0.0.2 255.0.0.0
Router(config-if)#exit
Router(config)#interface fastEthernet 1/0
Router(config-if)#no shutdown

Router(config-if)#
%LINK-5-CHANGED: Interface FastEthernet1/0, changed state to up

%LINEPROTO-5-UPDOWN: Line protocol on Interface FastEthernet1/0, changed state to up
ip address 3.0.0.2 255.0.0.0
Router(config-if)#exit
Router(config)#interface fastEthernet 0/0.30
Router(config-subif)#
%LINK-5-CHANGED: Interface FastEthernet0/0.30, changed state to up

%LINEPROTO-5-UPDOWN: Line protocol on Interface FastEthernet0/0.30, changed state to up
encapsulation dot1Q 30
Router(config-subif)#ip address 192.168.30.1 255.255.255.0
Router(config-subif)#exit
Router(config)#interface fastEthernet 0/0.31
Router(config-subif)#
%LINK-5-CHANGED: Interface FastEthernet0/0.31, changed state to up

%LINEPROTO-5-UPDOWN: Line protocol on Interface FastEthernet0/0.31, changed state to up
encapsulation dot1Q 31
Router(config-subif)#ip address 192.168.31.1 255.255.255.0
Router(config-subif)#exit
Router(config)#exit
Router#
%SYS-5-CONFIG_I: Configured from console by console
w
Building configuration...
[OK]
Router#

-----------------------------------------------------------------------------------------------

Router>enable
Router#configure terminal
Enter configuration commands, one per line.  End with CNTL/Z.
Router(config)#ip dhcp pool dados
Router(dhcp-config)#network 192.168.10.3
% Incomplete command.
Router(dhcp-config)#network 192.168.30.0 255.255.255.0
Router(dhcp-config)#dns-server 192.168.10.3
Router(dhcp-config)#default-router 192.168.30.1
Router(dhcp-config)#exit
Router(config)#ip dhcp pool voz
Router(dhcp-config)#network 192.168.31.0 255.255.255.0
Router(dhcp-config)#default-router 192.168.31.1
Router(dhcp-config)#option 150 ip 192.168.31.1
Router(dhcp-config)#exit
Router(config)#exit
Router#
%SYS-5-CONFIG_I: Configured from console by console
w
Building configuration...
[OK]
Router#


Router>enable
Router#configure terminal
Enter configuration commands, one per line.  End with CNTL/Z.
Router(config)#telephony-service
Router(config-telephony)#max-dn 10
Router(config-telephony)#max-ephones 10
Router(config-telephony)#ip source-address 192.168.31.1 port 2000
Router(config-telephony)#auto assign 1 to 10
Router(config-telephony)#exit
Router(config)#ephone-dn 1
Router(config-ephone-dn)#%LINK-3-UPDOWN: Interface ephone_dsp DN 1.1, changed state to up
number 300
Router(config-ephone-dn)#number 300
Router(config-ephone-dn)#exit
Router(config)#ephone-dn 2
Router(config-ephone-dn)#%LINK-3-UPDOWN: Interface ephone_dsp DN 2.1, changed state to up

Router(config-ephone-dn)#number 301
Router(config-ephone-dn)#exit
Router(config)#exit
Router#
%SYS-5-CONFIG_I: Configured from console by console
w
Building configuration...
[OK]
Router#
-------------------------------------------------------------------------
Router>enable
Router#configure terminal
Enter configuration commands, one per line.  End with CNTL/Z.
Router(config)#deal-peer voice 1 voip
                 ^
% Invalid input detected at '^' marker.
	
Router(config)#dial-peer voice 1 voip
Router(config-dial-peer)#destination-pattern 10
Router(config-dial-peer)#session target ipv4:2.0.0.1
Router(config-dial-peer)#exit
Router(config)#dial-peer voice 2 voip
Router(config-dial-peer)#destination-pattern 20
Router(config-dial-peer)#session target ipv4:3.0.0.1
Router(config-dial-peer)#exit
Router(config)#end
Router#
%SYS-5-CONFIG_I: Configured from console by console
w
Building configuration...
[OK]
Router#

Router>enable
Router#configure terminal
Enter configuration commands, one per line.  End with CNTL/Z.
Router(config)#dial-peer voice 1 voip
Router(config-dial-peer)#destination-pattern 100
Router(config-dial-peer)#session target ipv4:2.0.0.1
Router(config-dial-peer)#exit
Router(config)#dial-peer voice 2 voip
Router(config-dial-peer)#destination-pattern 101
Router(config-dial-peer)#session target ipv4:2.0.0.1
Router(config-dial-peer)#exit
Router(config)#dial-peer voice 3 voip
Router(config-dial-peer)#destination-pattern 200
Router(config-dial-peer)#session target ipv4:3.0.0.1
Router(config-dial-peer)#exit
Router(config)#dial-peer voice 4 voip
Router(config-dial-peer)#destination-pattern 201
Router(config-dial-peer)#session target ipv4:3.0.0.1
Router(config-dial-peer)#exit
Router(config)#end
Router#
%SYS-5-CONFIG_I: Configured from console by console
w
Building configuration...
[OK]
Router#

Router(vlan)#exit
APPLY completed.
Exiting....
Router#configure terminal
Enter configuration commands, one per line.  End with CNTL/Z.
Router(config)#router rip
Router(config-router)#network 192.168.30.1
Router(config-router)#network 192.168.31.1
Router(config-router)#network 2.0.0.0
Router(config-router)#network 3.0.0.0
Router(config-router)#end
Router#
%SYS-5-CONFIG_I: Configured from console by console
w
Building configuration...
[OK]
Router#